/home/ubuntu/jenkins/workspace/helloworld/src/main/java/com/edurekademo/utilities/PropertyLoader.java
/home/ubuntu/jenkins/workspace/helloworld/src/main/java/com/edurekademo/utilities/LoggerStackTraceUtil.java
/home/ubuntu/jenkins/workspace/helloworld/src/main/java/com/edurekademo/utilities/StringUtilities.java
/home/ubuntu/jenkins/workspace/helloworld/src/main/java/com/edurekademo/tutorial/addressbook/AddressbookUI.java
/home/ubuntu/jenkins/workspace/helloworld/src/main/java/com/edurekademo/tutorial/addressbook/backend/ContactService.java
/home/ubuntu/jenkins/workspace/helloworld/src/main/java/com/edurekademo/utilities/PropertyHelper.java
/home/ubuntu/jenkins/workspace/helloworld/src/main/java/com/edurekademo/helper/GenericResourceBundle.java
/home/ubuntu/jenkins/workspace/helloworld/src/main/java/com/edurekademo/utilities/HexAsciiConvertor.java
/home/ubuntu/jenkins/workspace/helloworld/src/main/java/com/edurekademo/tutorial/addressbook/backend/Contact.java
/home/ubuntu/jenkins/workspace/helloworld/src/main/java/com/edurekademo/utilities/CaseInsensitiveComparator.java
/home/ubuntu/jenkins/workspace/helloworld/src/main/java/com/edurekademo/utilities/PrepareTargetMethod.java
/home/ubuntu/jenkins/workspace/helloworld/src/main/java/com/edurekademo/utilities/GenericComparator.java
/home/ubuntu/jenkins/workspace/helloworld/src/main/java/com/edurekademo/tutorial/addressbook/ContactForm.java
